[INFO] Scanning for projects...
[INFO] 
[INFO] -------------< com.anhtester:traxxia-automation-framework >-------------
[INFO] Building TraxxiaAutomationFramework 1.8.7
[INFO]   from pom.xml
[INFO] --------------------------------[ jar ]---------------------------------
[INFO] 
[INFO] --- resources:3.3.1:resources (default-resources) @ traxxia-automation-framework ---
[INFO] Copying 3 resources from src\main\resources to target\classes
[INFO] 
[INFO] --- compiler:3.13.0:compile (default-compile) @ traxxia-automation-framework ---
[INFO] Nothing to compile - all classes are up to date.
[INFO] 
[INFO] --- resources:3.3.1:testResources (default-testResources) @ traxxia-automation-framework ---
[INFO] Copying 19 resources from src\test\resources to target\test-classes
[INFO] 
[INFO] --- compiler:3.13.0:testCompile (default-testCompile) @ traxxia-automation-framework ---
[INFO] Nothing to compile - all classes are up to date.
[INFO] ------------------------------------------------------------------------
[INFO] BUILD SUCCESS
[INFO] ------------------------------------------------------------------------
[INFO] Total time:  9.836 s
[INFO] Finished at: 2026-04-08T18:47:42+05:30
[INFO] ------------------------------------------------------------------------
